=== RUN   TestApi
Running Suite: API Suite - /Users/pshimu/Documents/UF - Masters/Sem-2/SE/Project/Poker/backend/pkg/api
======================================================================================================
Random Seed: [1m1774489468[0m

Will run [1m31[0m of [1m31[0m specs
[38;5;10m•[0m2026/03/25 21:44:28 ✓ Foreign keys enabled
2026/03/25 21:44:28 ✓ Database connection established: /var/folders/77/wm1h62nx2qx4nv90t3wpky5r0000gp/T/ginkgo2593112082/test.db
2026/03/25 21:44:28 Running database migrations...
2026/03/25 21:44:28 ✓ Database migrations completed
2026/03/25 21:44:28 ✓ Database connection closed
[38;5;10m•[0m[38;5;10m•[0m[38;5;10m•[0m[38;5;10m•[0m2026/03/25 21:44:28 ✓ Foreign keys enabled
2026/03/25 21:44:28 ✓ Database connection established: /var/folders/77/wm1h62nx2qx4nv90t3wpky5r0000gp/T/ginkgo4245713496/test_auth.db
2026/03/25 21:44:28 Running database migrations...
2026/03/25 21:44:28 ✓ Database migrations completed
2026/03/25 21:44:28 ✓ Database connection closed
[38;5;10m•[0m2026/03/25 21:44:28 ✓ Foreign keys enabled
2026/03/25 21:44:28 ✓ Database connection established: /var/folders/77/wm1h62nx2qx4nv90t3wpky5r0000gp/T/ginkgo3740534887/test_auth.db
2026/03/25 21:44:28 Running database migrations...
2026/03/25 21:44:28 ✓ Database migrations completed
2026/03/25 21:44:28 ✓ Database connection closed
[38;5;10m•[0m2026/03/25 21:44:28 ✓ Foreign keys enabled
2026/03/25 21:44:28 ✓ Database connection established: /var/folders/77/wm1h62nx2qx4nv90t3wpky5r0000gp/T/ginkgo2918042924/test_auth.db
2026/03/25 21:44:28 Running database migrations...
2026/03/25 21:44:28 ✓ Database migrations completed
2026/03/25 21:44:28 ✓ Database connection closed
[38;5;10m•[0m2026/03/25 21:44:28 ✓ Foreign keys enabled
2026/03/25 21:44:28 ✓ Database connection established: /var/folders/77/wm1h62nx2qx4nv90t3wpky5r0000gp/T/ginkgo1873759383/test_auth.db
2026/03/25 21:44:28 Running database migrations...
2026/03/25 21:44:28 ✓ Database migrations completed
2026/03/25 21:44:28 ✓ Database connection closed
[38;5;10m•[0m2026/03/25 21:44:28 ✓ Foreign keys enabled
2026/03/25 21:44:28 ✓ Database connection established: /var/folders/77/wm1h62nx2qx4nv90t3wpky5r0000gp/T/ginkgo106541780/test_auth.db
2026/03/25 21:44:28 Running database migrations...
2026/03/25 21:44:28 ✓ Database migrations completed
2026/03/25 21:44:28 ✓ Database connection closed
[38;5;10m•[0m2026/03/25 21:44:28 ✓ Foreign keys enabled
2026/03/25 21:44:28 ✓ Database connection established: /var/folders/77/wm1h62nx2qx4nv90t3wpky5r0000gp/T/ginkgo1316550993/test_auth.db
2026/03/25 21:44:28 Running database migrations...
2026/03/25 21:44:29 ✓ Database migrations completed
2026/03/25 21:44:29 ✓ Database connection closed
[38;5;10m•[0m2026/03/25 21:44:29 ✓ Foreign keys enabled
2026/03/25 21:44:29 ✓ Database connection established: /var/folders/77/wm1h62nx2qx4nv90t3wpky5r0000gp/T/ginkgo3286748352/test_auth.db
2026/03/25 21:44:29 Running database migrations...
2026/03/25 21:44:29 ✓ Database migrations completed
2026/03/25 21:44:29 ✓ Database connection closed
[38;5;10m•[0m2026/03/25 21:44:29 ✓ Foreign keys enabled
2026/03/25 21:44:29 ✓ Database connection established: /var/folders/77/wm1h62nx2qx4nv90t3wpky5r0000gp/T/ginkgo3729611140/test_auth.db
2026/03/25 21:44:29 Running database migrations...
2026/03/25 21:44:29 ✓ Database migrations completed
2026/03/25 21:44:29 ✓ Database connection closed
[38;5;10m•[0m2026/03/25 21:44:29 ✓ Foreign keys enabled
2026/03/25 21:44:29 ✓ Database connection established: /var/folders/77/wm1h62nx2qx4nv90t3wpky5r0000gp/T/ginkgo1229114289/test_auth.db
2026/03/25 21:44:29 Running database migrations...
2026/03/25 21:44:29 ✓ Database migrations completed
2026/03/25 21:44:29 ✓ Database connection closed
[38;5;10m•[0m2026/03/25 21:44:29 ✓ Foreign keys enabled
2026/03/25 21:44:29 ✓ Database connection established: /var/folders/77/wm1h62nx2qx4nv90t3wpky5r0000gp/T/ginkgo2336630314/test_auth.db
2026/03/25 21:44:29 Running database migrations...
2026/03/25 21:44:29 ✓ Database migrations completed
2026/03/25 21:44:29 ✓ Database connection closed
[38;5;10m•[0m2026/03/25 21:44:29 ✓ Foreign keys enabled
2026/03/25 21:44:29 ✓ Database connection established: /var/folders/77/wm1h62nx2qx4nv90t3wpky5r0000gp/T/ginkgo1668206266/test_auth.db
2026/03/25 21:44:29 Running database migrations...
2026/03/25 21:44:29 ✓ Database migrations completed
2026/03/25 21:44:29 ✓ Database connection closed
[38;5;10m•[0m2026/03/25 21:44:29 ✓ Foreign keys enabled
2026/03/25 21:44:29 ✓ Database connection established: /var/folders/77/wm1h62nx2qx4nv90t3wpky5r0000gp/T/ginkgo3077241851/test_auth.db
2026/03/25 21:44:29 Running database migrations...
2026/03/25 21:44:29 ✓ Database migrations completed
2026/03/25 21:44:29 ✓ Database connection closed
[38;5;10m•[0m2026/03/25 21:44:29 ✓ Foreign keys enabled
2026/03/25 21:44:29 ✓ Database connection established: :memory:
2026/03/25 21:44:29 Running database migrations...
2026/03/25 21:44:29 ✓ Database migrations completed

[38;5;243m------------------------------[0m
[38;5;9m• [FAILED] [0.666 seconds][0m
[0mAuthentication Handlers [38;5;243mLoginHandler [38;5;9m[1m[It] should successfully login with valid credentials[0m
[38;5;243m/Users/pshimu/Documents/UF - Masters/Sem-2/SE/Project/Poker/backend/pkg/api/auth_handlers_test.go:62[0m

  [38;5;9m[FAILED] Expected
      <int>: 204
  to equal
      <int>: 200[0m
  [38;5;9mIn [1m[It][0m[38;5;9m at: [1m/Users/pshimu/Documents/UF - Masters/Sem-2/SE/Project/Poker/backend/pkg/api/auth_handlers_test.go:75[0m [38;5;243m@ 03/25/26 21:44:29.686[0m
[38;5;243m------------------------------[0m
2026/03/25 21:44:29 ✓ Database connection closed
2026/03/25 21:44:29 ✓ Foreign keys enabled
2026/03/25 21:44:29 ✓ Database connection established: :memory:
2026/03/25 21:44:29 Running database migrations...
2026/03/25 21:44:29 ✓ Database migrations completed
[38;5;9m• [FAILED] [0.666 seconds][0m
[0mAuthentication Handlers [38;5;243mLoginHandler [38;5;9m[1m[It] should return 401 with invalid password[0m
[38;5;243m/Users/pshimu/Documents/UF - Masters/Sem-2/SE/Project/Poker/backend/pkg/api/auth_handlers_test.go:94[0m

  [38;5;9m[FAILED] Expected
      <string>: Invalid username or password
  to equal
      <string>: Invalid credentials[0m
  [38;5;9mIn [1m[It][0m[38;5;9m at: [1m/Users/pshimu/Documents/UF - Masters/Sem-2/SE/Project/Poker/backend/pkg/api/auth_handlers_test.go:113[0m [38;5;243m@ 03/25/26 21:44:30.352[0m
[38;5;243m------------------------------[0m
2026/03/25 21:44:30 ✓ Database connection closed
2026/03/25 21:44:30 ✓ Foreign keys enabled
2026/03/25 21:44:30 ✓ Database connection established: :memory:
2026/03/25 21:44:30 Running database migrations...
2026/03/25 21:44:30 ✓ Database migrations completed
[38;5;10m•[0m2026/03/25 21:44:30 ✓ Database connection closed
2026/03/25 21:44:30 ✓ Foreign keys enabled
2026/03/25 21:44:30 ✓ Database connection established: :memory:
2026/03/25 21:44:30 Running database migrations...
2026/03/25 21:44:30 ✓ Database migrations completed

[38;5;243m------------------------------[0m
[38;5;9m• [FAILED] [0.667 seconds][0m
[0mAuthentication Handlers [38;5;243mLoginHandler [38;5;9m[1m[It] should return 400 with missing credentials[0m
[38;5;243m/Users/pshimu/Documents/UF - Masters/Sem-2/SE/Project/Poker/backend/pkg/api/auth_handlers_test.go:133[0m

  [38;5;9m[FAILED] Expected
      <int>: 401
  to equal
      <int>: 400[0m
  [38;5;9mIn [1m[It][0m[38;5;9m at: [1m/Users/pshimu/Documents/UF - Masters/Sem-2/SE/Project/Poker/backend/pkg/api/auth_handlers_test.go:145[0m [38;5;243m@ 03/25/26 21:44:31.352[0m
[38;5;243m------------------------------[0m
2026/03/25 21:44:31 ✓ Database connection closed
2026/03/25 21:44:31 ✓ Foreign keys enabled
2026/03/25 21:44:31 ✓ Database connection established: :memory:
2026/03/25 21:44:31 Running database migrations...
2026/03/25 21:44:31 ✓ Database migrations completed
[38;5;9m• [FAILED] [0.339 seconds][0m
[0mAuthentication Handlers [38;5;243mLoginHandler [38;5;9m[1m[It] should return 405 for non-POST request[0m
[38;5;243m/Users/pshimu/Documents/UF - Masters/Sem-2/SE/Project/Poker/backend/pkg/api/auth_handlers_test.go:155[0m

  [38;5;9m[FAILED] Expected
      <int>: 400
  to equal
      <int>: 405[0m
  [38;5;9mIn [1m[It][0m[38;5;9m at: [1m/Users/pshimu/Documents/UF - Masters/Sem-2/SE/Project/Poker/backend/pkg/api/auth_handlers_test.go:161[0m [38;5;243m@ 03/25/26 21:44:31.691[0m
[38;5;243m------------------------------[0m
2026/03/25 21:44:31 ✓ Database connection closed
2026/03/25 21:44:31 ✓ Foreign keys enabled
2026/03/25 21:44:31 ✓ Database connection established: :memory:
2026/03/25 21:44:31 Running database migrations...
2026/03/25 21:44:31 ✓ Database migrations completed
[38;5;10m•[0m2026/03/25 21:44:32 ✓ Database connection closed
2026/03/25 21:44:32 ✓ Foreign keys enabled
2026/03/25 21:44:32 ✓ Database connection established: :memory:
2026/03/25 21:44:32 Running database migrations...
2026/03/25 21:44:32 ✓ Database migrations completed

[38;5;243m------------------------------[0m
[38;5;9m• [FAILED] [0.334 seconds][0m
[0mAuthentication Handlers [38;5;243mLogoutHandler [38;5;9m[1m[It] should clear the session cookie[0m
[38;5;243m/Users/pshimu/Documents/UF - Masters/Sem-2/SE/Project/Poker/backend/pkg/api/auth_handlers_test.go:194[0m

  [38;5;9m[FAILED] Expected
      <int>: 204
  to equal
      <int>: 200[0m
  [38;5;9mIn [1m[It][0m[38;5;9m at: [1m/Users/pshimu/Documents/UF - Masters/Sem-2/SE/Project/Poker/backend/pkg/api/auth_handlers_test.go:200[0m [38;5;243m@ 03/25/26 21:44:32.711[0m
[38;5;243m------------------------------[0m
2026/03/25 21:44:32 ✓ Database connection closed
2026/03/25 21:44:32 ✓ Foreign keys enabled
2026/03/25 21:44:32 ✓ Database connection established: :memory:
2026/03/25 21:44:32 Running database migrations...
2026/03/25 21:44:32 ✓ Database migrations completed
[38;5;9m• [FAILED] [0.335 seconds][0m
[0mAuthentication Handlers [38;5;243mLogoutHandler [38;5;9m[1m[It] should return 405 for non-POST request[0m
[38;5;243m/Users/pshimu/Documents/UF - Masters/Sem-2/SE/Project/Poker/backend/pkg/api/auth_handlers_test.go:216[0m

  [38;5;9m[FAILED] Expected
      <int>: 204
  to equal
      <int>: 405[0m
  [38;5;9mIn [1m[It][0m[38;5;9m at: [1m/Users/pshimu/Documents/UF - Masters/Sem-2/SE/Project/Poker/backend/pkg/api/auth_handlers_test.go:222[0m [38;5;243m@ 03/25/26 21:44:33.047[0m
[38;5;243m------------------------------[0m
2026/03/25 21:44:33 ✓ Database connection closed
2026/03/25 21:44:33 ✓ Foreign keys enabled
2026/03/25 21:44:33 ✓ Database connection established: :memory:
2026/03/25 21:44:33 Running database migrations...
2026/03/25 21:44:33 ✓ Database migrations completed
[38;5;9m• [FAILED] [0.335 seconds][0m
[0mAuthentication Handlers [38;5;243mMeHandler [38;5;9m[1m[It] should return 401 without a session cookie[0m
[38;5;243m/Users/pshimu/Documents/UF - Masters/Sem-2/SE/Project/Poker/backend/pkg/api/auth_handlers_test.go:227[0m

  [38;5;9m[FAILED] Expected
      <int>: 204
  to equal
      <int>: 401[0m
  [38;5;9mIn [1m[It][0m[38;5;9m at: [1m/Users/pshimu/Documents/UF - Masters/Sem-2/SE/Project/Poker/backend/pkg/api/auth_handlers_test.go:233[0m [38;5;243m@ 03/25/26 21:44:33.381[0m
[38;5;243m------------------------------[0m
2026/03/25 21:44:33 ✓ Database connection closed
2026/03/25 21:44:33 ✓ Foreign keys enabled
2026/03/25 21:44:33 ✓ Database connection established: :memory:
2026/03/25 21:44:33 Running database migrations...
2026/03/25 21:44:33 ✓ Database migrations completed
[38;5;9m• [FAILED] [0.334 seconds][0m
[0mAuthentication Handlers [38;5;243mMeHandler [38;5;9m[1m[It] should return 401 with an invalid token[0m
[38;5;243m/Users/pshimu/Documents/UF - Masters/Sem-2/SE/Project/Poker/backend/pkg/api/auth_handlers_test.go:236[0m

  [38;5;9m[FAILED] Expected
      <int>: 204
  to equal
      <int>: 401[0m
  [38;5;9mIn [1m[It][0m[38;5;9m at: [1m/Users/pshimu/Documents/UF - Masters/Sem-2/SE/Project/Poker/backend/pkg/api/auth_handlers_test.go:246[0m [38;5;243m@ 03/25/26 21:44:33.716[0m
[38;5;243m------------------------------[0m
2026/03/25 21:44:33 ✓ Database connection closed
2026/03/25 21:44:33 ✓ Foreign keys enabled
2026/03/25 21:44:33 ✓ Database connection established: :memory:
2026/03/25 21:44:33 Running database migrations...
2026/03/25 21:44:33 ✓ Database migrations completed
[38;5;9m• [FAILED] [0.335 seconds][0m
[0mAuthentication Handlers [38;5;243mMeHandler [38;5;9m[1m[It] should return 200 with valid session cookie[0m
[38;5;243m/Users/pshimu/Documents/UF - Masters/Sem-2/SE/Project/Poker/backend/pkg/api/auth_handlers_test.go:249[0m

  [38;5;9m[FAILED] Expected
      <int>: 204
  to equal
      <int>: 200[0m
  [38;5;9mIn [1m[It][0m[38;5;9m at: [1m/Users/pshimu/Documents/UF - Masters/Sem-2/SE/Project/Poker/backend/pkg/api/auth_handlers_test.go:263[0m [38;5;243m@ 03/25/26 21:44:34.05[0m
[38;5;243m------------------------------[0m
2026/03/25 21:44:34 ✓ Database connection closed
2026/03/25 21:44:34 ✓ Foreign keys enabled
2026/03/25 21:44:34 ✓ Database connection established: :memory:
2026/03/25 21:44:34 Running database migrations...
2026/03/25 21:44:34 ✓ Database migrations completed
[38;5;9m• [FAILED] [0.335 seconds][0m
[0mAuthentication Handlers [38;5;243mMeHandler [38;5;9m[1m[It] should return 405 for non-GET request[0m
[38;5;243m/Users/pshimu/Documents/UF - Masters/Sem-2/SE/Project/Poker/backend/pkg/api/auth_handlers_test.go:272[0m

  [38;5;9m[FAILED] Expected
      <int>: 204
  to equal
      <int>: 405[0m
  [38;5;9mIn [1m[It][0m[38;5;9m at: [1m/Users/pshimu/Documents/UF - Masters/Sem-2/SE/Project/Poker/backend/pkg/api/auth_handlers_test.go:284[0m [38;5;243m@ 03/25/26 21:44:34.385[0m
[38;5;243m------------------------------[0m
2026/03/25 21:44:34 ✓ Database connection closed
2026/03/25 21:44:34 ✓ Foreign keys enabled
2026/03/25 21:44:34 ✓ Database connection established: :memory:
2026/03/25 21:44:34 Running database migrations...
2026/03/25 21:44:34 ✓ Database migrations completed
[38;5;10m•[0m2026/03/25 21:44:34 ✓ Database connection closed
2026/03/25 21:44:34 ✓ Foreign keys enabled
2026/03/25 21:44:34 ✓ Database connection established: :memory:
2026/03/25 21:44:34 Running database migrations...
2026/03/25 21:44:34 ✓ Database migrations completed

[38;5;243m------------------------------[0m
[38;5;9m• [FAILED] [0.670 seconds][0m
[0mAuthentication Handlers [38;5;243mSession Validation Flow [38;5;9m[1m[It] should validate complete login -> me -> logout flow[0m
[38;5;243m/Users/pshimu/Documents/UF - Masters/Sem-2/SE/Project/Poker/backend/pkg/api/auth_handlers_test.go:307[0m

  [38;5;9m[FAILED] Expected
      <int>: 204
  to equal
      <int>: 200[0m
  [38;5;9mIn [1m[It][0m[38;5;9m at: [1m/Users/pshimu/Documents/UF - Masters/Sem-2/SE/Project/Poker/backend/pkg/api/auth_handlers_test.go:321[0m [38;5;243m@ 03/25/26 21:44:35.391[0m
[38;5;243m------------------------------[0m

[38;5;9m[1mSummarizing 11 Failures:[0m
  [38;5;9m[FAIL][0m [0mAuthentication Handlers [38;5;243mLoginHandler [38;5;9m[1m[It] should successfully login with valid credentials[0m
  [38;5;243m/Users/pshimu/Documents/UF - Masters/Sem-2/SE/Project/Poker/backend/pkg/api/auth_handlers_test.go:75[0m
  [38;5;9m[FAIL][0m [0mAuthentication Handlers [38;5;243mLoginHandler [38;5;9m[1m[It] should return 401 with invalid password[0m
  [38;5;243m/Users/pshimu/Documents/UF - Masters/Sem-2/SE/Project/Poker/backend/pkg/api/auth_handlers_test.go:113[0m
  [38;5;9m[FAIL][0m [0mAuthentication Handlers [38;5;243mLoginHandler [38;5;9m[1m[It] should return 400 with missing credentials[0m
  [38;5;243m/Users/pshimu/Documents/UF - Masters/Sem-2/SE/Project/Poker/backend/pkg/api/auth_handlers_test.go:145[0m
  [38;5;9m[FAIL][0m [0mAuthentication Handlers [38;5;243mLoginHandler [38;5;9m[1m[It] should return 405 for non-POST request[0m
  [38;5;243m/Users/pshimu/Documents/UF - Masters/Sem-2/SE/Project/Poker/backend/pkg/api/auth_handlers_test.go:161[0m
  [38;5;9m[FAIL][0m [0mAuthentication Handlers [38;5;243mLogoutHandler [38;5;9m[1m[It] should clear the session cookie[0m
  [38;5;243m/Users/pshimu/Documents/UF - Masters/Sem-2/SE/Project/Poker/backend/pkg/api/auth_handlers_test.go:200[0m
  [38;5;9m[FAIL][0m [0mAuthentication Handlers [38;5;243mLogoutHandler [38;5;9m[1m[It] should return 405 for non-POST request[0m
  [38;5;243m/Users/pshimu/Documents/UF - Masters/Sem-2/SE/Project/Poker/backend/pkg/api/auth_handlers_test.go:222[0m
  [38;5;9m[FAIL][0m [0mAuthentication Handlers [38;5;243mMeHandler [38;5;9m[1m[It] should return 401 without a session cookie[0m
  [38;5;243m/Users/pshimu/Documents/UF - Masters/Sem-2/SE/Project/Poker/backend/pkg/api/auth_handlers_test.go:233[0m
  [38;5;9m[FAIL][0m [0mAuthentication Handlers [38;5;243mMeHandler [38;5;9m[1m[It] should return 401 with an invalid token[0m
  [38;5;243m/Users/pshimu/Documents/UF - Masters/Sem-2/SE/Project/Poker/backend/pkg/api/auth_handlers_test.go:246[0m
  [38;5;9m[FAIL][0m [0mAuthentication Handlers [38;5;243mMeHandler [38;5;9m[1m[It] should return 200 with valid session cookie[0m
  [38;5;243m/Users/pshimu/Documents/UF - Masters/Sem-2/SE/Project/Poker/backend/pkg/api/auth_handlers_test.go:263[0m
  [38;5;9m[FAIL][0m [0mAuthentication Handlers [38;5;243mMeHandler [38;5;9m[1m[It] should return 405 for non-GET request[0m
  [38;5;243m/Users/pshimu/Documents/UF - Masters/Sem-2/SE/Project/Poker/backend/pkg/api/auth_handlers_test.go:284[0m
  [38;5;9m[FAIL][0m [0mAuthentication Handlers [38;5;243mSession Validation Flow [38;5;9m[1m[It] should validate complete login -> me -> logout flow[0m
  [38;5;243m/Users/pshimu/Documents/UF - Masters/Sem-2/SE/Project/Poker/backend/pkg/api/auth_handlers_test.go:321[0m

[38;5;9m[1mRan 31 of 31 Specs in 6.842 seconds[0m
[38;5;9m[1mFAIL![0m -- [38;5;10m[1m20 Passed[0m | [38;5;9m[1m11 Failed[0m | [38;5;11m[1m0 Pending[0m | [38;5;14m[1m0 Skipped[0m
--- FAIL: TestApi (6.84s)
FAIL
FAIL	github.com/SE-RoyalFlush/Poker/backend/pkg/api	7.225s
FAIL
